10-23 12:57:17 [info] [StdOut] 已重定向到命名管道: \\.\pipe\NapCat_5284
10-23 12:57:18 [info] [NapCat] [Core] NapCat.Core Version: 4.8.124
10-23 12:57:18 [info] [Check] ffmpeg: C:\Users\宫孙明哲\Desktop\NapCatQQ\NapCat.Shell\ffmpeg\ffmpeg.exe
10-23 12:57:18 [info] [Check] ffprobe: C:\Users\宫孙明哲\Desktop\NapCatQQ\NapCat.Shell\ffmpeg\ffprobe.exe
10-23 12:57:18 [info] [NapCat] [WebUi] ✅ 当前使用安全密码
10-23 12:57:18 [info] [NapCat] [WebUi] 🔑 已缓存启动时的token用于鉴权，运行时手动修改配置文件密码将不会生效
10-23 12:57:18 [info] [NapCat] [WebUi] 🔑 token=be6c72ffe27d
10-23 12:57:18 [info] [NapCat] [WebUi] WebUi User Panel Url: http://127.0.0.1:6099/webui?token=be6c72ffe27d
10-23 12:57:18 [info] [NapCat] [WebUi] WebUi User Panel Url: http://0.0.0.0:6099/webui?token=be6c72ffe27d
10-23 12:57:18 [info] 等待网络连接...
10-23 12:57:18 [info] 网络已连接
10-23 12:57:18 [info] 没有 -q 指令指定快速登录，将使用二维码登录方式
10-23 12:57:18 [info] 可用于快速登录的 QQ：
1. 3504195979 羟基氢
2. 1017351496 GSMZ
10-23 12:57:18 [info] 正在快速登录  3504195979
10-23 12:57:18 [warn] 请扫描下面的二维码，然后在手Q上授权登录：
10-23 12:57:18 [warn] 

▄▄▄▄▄▄▄▄▄▄▄▄▄▄▄▄▄▄▄▄▄▄▄▄▄▄▄▄▄▄▄▄▄▄▄
█ ▄▄▄▄▄ █▄▄▄ ▀▄██ █ ▀█  ▄██ ▄▄▄▄▄ █
█ █   █ ██▄▀ █ ▀▄▄█▄█▀ █▄▄█ █   █ █
█ █▄▄▄█ ██▀▄ ▄████▄█▄█ ▄▀▄█ █▄▄▄█ █
█▄▄▄▄▄▄▄█ ▀▄█ ▀ █ █▄█ █▄▀ █▄▄▄▄▄▄▄█
█▄▄█  █▄█▀▄▀█▄██▀▀ █ ██▀███▄▀▀█▀▀▄█
█ █▄ ▄▀▄▀▄▄██▄█▄ █▀ ███▀▄█▀  ▄▀▀▄▄█
█ ▀▄▀  ▄ ▀▄ █▀▀▄  ▄█ ██▀ ▀▀▄▄███▄▄█
██▄█▀▄ ▄ ▄ ▄█▀▄▀ ▄█▄  ▄▀▀▀▀▄█ █▀█▀█
█▄▀█▄█▄▄▄▀█▀ ▄▄  ▀█▀▄ ██ ▄▄ ▀ ▄█  █
█  █▀▄ ▄▀ ▀█▀▄  ▄▄█▀▄█▄▄▄██▀█▄█▀▀ █
█▀█ ▄█ ▄▄▄▄▀▄▀██ ▀ █▀█ ▀ ▀▄█▀▀▀█▀██
█ █▄▄ ▄▄▄█▄█ ▀█    ▄█ █▀▄▀ ▀ ▄█▀▄▄█
█▄▄▄▄██▄▄▀▄▀▄▄▀▄▄ ▀▄▄██▀█ ▄▄▄ ▀▀ ██
█ ▄▄▄▄▄ ██▀▀ ▄█ ▄▀█▄▄▄▄▀  █▄█ ▀ █▀█
█ █   █ █ ▀▀▀ ▄ ▄█▄█ ▄██▄▄ ▄▄▄▀█▄▄█
█ █▄▄▄█ █▀▄█▄▄  ▄██ ▄ ▄▄▀█▀▀▄   ▀ █
█▄▄▄▄▄▄▄█▄▄▄████▄▄▄████▄█▄▄█▄█▄████

二维码解码URL: https://txz.qq.com/p?k=C7S3Gvbt0Jt0*-toKQbchWzQny9ZaAC0&f=1600001604
如果控制台二维码无法扫码，可以复制解码url到二维码生成网站生成二维码再扫码，也可以打开下方的二维码路径图片进行扫码。
10-23 12:57:18 [warn] 二维码已保存到 C:\Users\宫孙明哲\Desktop\NapCatQQ\NapCat.Shell\cache\qrcode.png
10-23 12:57:19 [debug] 本账号数据/缓存目录： C:\Users\宫孙明哲\Documents\Tencent Files\NapCat\data
10-23 12:57:19 [debug] [Core] [Config] 配置文件C:\Users\宫孙明哲\Desktop\NapCatQQ\NapCat.Shell\config\napcat_3504195979.json加载 {"fileLog":false,"consoleLog":true,"fileLogLevel":"debug","consoleLogLevel":"info","packetBackend":"auto","packetServer":"","o3HookMode":1}
10-23 12:57:19 [info] [Core] [Packet] 自动选择 NativePacketClient 作为后端
