10-22 22:14:20 [info] [StdOut] 已重定向到命名管道: \\.\pipe\NapCat_12460
10-22 22:14:20 [info] [FFmpeg] [Download] 0% - 查找可用下载源
10-22 22:14:20 [info] [NapCat] [Core] NapCat.Core Version: 4.8.124
10-22 22:14:20 [info] [NapCat] [WebUi] ✅ 当前使用安全密码
10-22 22:14:20 [info] [NapCat] [WebUi] 🔑 已缓存启动时的token用于鉴权，运行时手动修改配置文件密码将不会生效
10-22 22:14:20 [info] [NapCat] [WebUi] 🔑 token=be6c72ffe27d
10-22 22:14:20 [info] [NapCat] [WebUi] WebUi User Panel Url: http://127.0.0.1:6099/webui?token=be6c72ffe27d
10-22 22:14:20 [info] [NapCat] [WebUi] WebUi User Panel Url: http://0.0.0.0:6099/webui?token=be6c72ffe27d
10-22 22:14:21 [info] 等待网络连接...
10-22 22:14:21 [info] 网络已连接
10-22 22:14:21 [info] 没有 -q 指令指定快速登录，将使用二维码登录方式
10-22 22:14:21 [info] 可用于快速登录的 QQ：
1. 1017351496 GSMZ
10-22 22:14:21 [warn] 请扫描下面的二维码，然后在手Q上授权登录：
10-22 22:14:21 [warn] 

▄▄▄▄▄▄▄▄▄▄▄▄▄▄▄▄▄▄▄▄▄▄▄▄▄▄▄▄▄▄▄▄▄▄▄
█ ▄▄▄▄▄ █▄▄▄ ▀▄██    █▄▄▄██ ▄▄▄▄▄ █
█ █   █ ██▄▀ █ ▀▄▄█▄ █▄█ ▀█ █   █ █
█ █▄▄▄█ ██▀▄ ▄████▀ ▄▀█ ▀██ █▄▄▄█ █
█▄▄▄▄▄▄▄█ ▀▄█ ▀ █ █ ▀ █ ▀ █▄▄▄▄▄▄▄█
█ ▄▀▄▄█▄▀▀▄▀█▄██▀▀▀▀▀▄█▀ ▄█▄▀▀█▀▀▄█
█▄█ ▀▀▀▄▄▀▄██▄█▄ █▀▀███▄  ▀  ▄▀▀▄▄█
█▀▀▀█▀▄▄▄ ▄ █▀▀▄  ██ ▄█▀██▀▄▄███▄▄█
█ ▄▄  ▀▄▀▄█▄█▀▄▀ ▄▄▄▄▄▄▄▀▄▀▄█ █▀█▀█
█▄▄▄ ▄▄▄▀▀▀█ ▄▄  ▀ █▀ █▄ ▄▄ ▀ ▄█  █
█▄▀▀▄█ ▄█ ▀▄▀▄  ▄██▀ ▄█ ▄██▀█▄█▀▀ █
█ ▀▀▄▀ ▄██▄█▄▀██▀█ ▄▄██▄ ▀▄█▀▀▀█▀██
█ █▄▄ ▄▄█▄   ▀█  ▄ ▄█▀██▄▀ ▀ ▄█▀▄▄█
█▄▄███▄▄█▀▀█▄▄▀▄▀  ▀▄▄███ ▄▄▄ ▀▀ ██
█ ▄▄▄▄▄ ██▀█ ▄█ ▄▄▄▀ ██▄  █▄█ ▀ █▀█
█ █   █ █ █ ▀ ▄ ▄██▀█▀█ ▄▄ ▄▄▄▀█▄▄█
█ █▄▄▄█ █▀ ▄▄▄   ▄▄▄▄ ▄▀▀█▀▀▄   ▀ █
█▄▄▄▄▄▄▄█▄█▄██████▄█▄▄▄██▄▄█▄█▄████

二维码解码URL: https://txz.qq.com/p?k=FXkoAYgqs3ceRVeDeAyyBHNsV9NizDoy&f=1600001604
如果控制台二维码无法扫码，可以复制解码url到二维码生成网站生成二维码再扫码，也可以打开下方的二维码路径图片进行扫码。
10-22 22:14:21 [warn] 二维码已保存到 C:\Users\宫孙明哲\Desktop\NapCatQQ\NapCat.Shell\cache\qrcode.png
10-22 22:14:22 [info] [FFmpeg] [Download] 5% - 开始下载FFmpeg
10-22 22:14:23 [info] [FFmpeg] [Download] 5% - 下载FFmpeg
10-22 22:14:24 [info] [FFmpeg] [Download] 9% - 下载FFmpeg
10-22 22:14:25 [info] [FFmpeg] [Download] 15% - 下载FFmpeg
10-22 22:14:26 [info] [FFmpeg] [Download] 21% - 下载FFmpeg
10-22 22:14:27 [info] [FFmpeg] [Download] 28% - 下载FFmpeg
10-22 22:14:28 [info] [FFmpeg] [Download] 33% - 下载FFmpeg
10-22 22:14:29 [info] [FFmpeg] [Download] 40% - 下载FFmpeg
10-22 22:14:30 [info] [FFmpeg] [Download] 47% - 下载FFmpeg
10-22 22:14:31 [info] [FFmpeg] [Download] 52% - 下载FFmpeg
10-22 22:14:32 [info] [FFmpeg] [Download] 58% - 下载FFmpeg
10-22 22:14:33 [info] [FFmpeg] [Download] 65% - 下载FFmpeg
10-22 22:14:34 [info] [FFmpeg] [Download] 70% - 下载FFmpeg
10-22 22:14:34 [info] [FFmpeg] [Download] 75% - 下载FFmpeg
10-22 22:14:34 [info] [FFmpeg] [Download] 75% - 解压FFmpeg
10-22 22:14:36 [info] [FFmpeg] [Download] 95% - 清理临时文件
10-22 22:14:36 [info] [FFmpeg] [Download] 100% - FFmpeg安装完成
10-22 22:14:36 [info] [Check] ffmpeg: C:\Users\宫孙明哲\Desktop\NapCatQQ\NapCat.Shell\ffmpeg\ffmpeg.exe
10-22 22:14:36 [info] [Check] ffprobe: C:\Users\宫孙明哲\Desktop\NapCatQQ\NapCat.Shell\ffmpeg\ffprobe.exe
10-22 22:15:02 [debug] 本账号数据/缓存目录： C:\Users\宫孙明哲\Documents\Tencent Files\NapCat\data
10-22 22:15:02 [debug] [Core] [Config] 配置文件C:\Users\宫孙明哲\Desktop\NapCatQQ\NapCat.Shell\config\napcat.json加载 {"fileLog":false,"consoleLog":true,"fileLogLevel":"debug","consoleLogLevel":"info","packetBackend":"auto","packetServer":"","o3HookMode":1}
10-22 22:15:02 [info] [Core] [Packet] 自动选择 NativePacketClient 作为后端
